Script started on 2020-02-13 16:19:26-05:00 [TERM="xterm-256color" TTY="/dev/pts/0" COLUMNS="80" LINES="24"]
bash: /home/umrigar/cs240/bin/student.rc: Permission denied
bklayma1@g7-37:~/i240b/submit/lab3$ cd 1-greet/
bklayma1@g7-37:~/i240b/submit/lab3/1-greet$ ls
greet.cc  README
bklayma1@g7-37:~/i240b/submit/lab3/1-greet$ emacs README 
bklayma1@g7-37:~/i240b/submit/lab3/1-greet$ make
make: *** No targets specified and no makefile found.  Stop.
bklayma1@g7-37:~/i240b/submit/lab3/1-greet$ make -f ../Makefile 
g++ -g -Wall -std=c++17    greet.cc   -o greet
cat </dev/null >.gitignore
for t in greet; do echo $t >>.gitignore; done
bklayma1@g7-37:~/i240b/submit/lab3/1-greet$ ./greet 
usage: ./greet NAME...
bklayma1@g7-37:~/i240b/submit/lab3/1-greet$ ./greet Bart Lisa
bklayma1@g7-37:~/i240b/submit/lab3/1-greet$ emacs greet,[K.cc 
bklayma1@g7-37:~/i240b/submit/lab3/1-greet$ cd ../2-greet/
bklayma1@g7-37:~/i240b/submit/lab3/2-greet$ make
make: *** No targets specified and no makefile found.  Stop.
bklayma1@g7-37:~/i240b/submit/lab3/2-greet$ make -f ../Makefile 
g++ -g -Wall -std=c++17    greet.cc   -o greet
cat </dev/null >.gitignore
for t in greet; do echo $t >>.gitignore; done
bklayma1@g7-37:~/i240b/submit/lab3/2-greet$ ls
greet  greet.cc  README
bklayma1@g7-37:~/i240b/submit/lab3/2-greet$ ./greet 
usage: ./greet NAME...
bklayma1@g7-37:~/i240b/submit/lab3/2-greet$ ./greet Bart Lisa
hello Bart
hello Lisa
bklayma1@g7-37:~/i240b/submit/lab3/2-greet$ valgrind ./greet Bart Lisa
==3409882== Memcheck, a memory error detector
==3409882== Copyright (C) 2002-2017, and GNU GPL'd, by Julian Seward et al.
==3409882== Using Valgrind-3.14.0 and LibVEX; rerun with -h for copyright info
==3409882== Command: ./greet Bart Lisa
==3409882== 
hello Bart
hello Lisa
==3409882== 
==3409882== HEAP SUMMARY:
==3409882==     in use at exit: 22 bytes in 2 blocks
==3409882==   total heap usage: 4 allocs, 2 frees, 73,750 bytes allocated
==3409882== 
==3409882== LEAK SUMMARY:
==3409882==    definitely lost: 22 bytes in 2 blocks
==3409882==    indirectly lost: 0 bytes in 0 blocks
==3409882==      possibly lost: 0 bytes in 0 blocks
==3409882==    still reachable: 0 bytes in 0 blocks
==3409882==         suppressed: 0 bytes in 0 blocks
==3409882== Rerun with --leak-check=full to see details of leaked memory
==3409882== 
==3409882== For counts of detected and suppressed errors, rerun with: -v
==3409882== ERROR SUMMARY: 0 errors from 0 contexts (suppressed: 0 from 0)
bklayma1@g7-37:~/i240b/submit/lab3/2-greet$ emacs greet.cc 
bklayma1@g7-37:~/i240b/submit/lab3/2-greet$ emacs greet.cc valgrind ./greet Bart Lisa[9P[C[C[C[C[C[C[C[C[C[C[C[C[C[C[C[C[C[Kls[Kmake -f ../Makefile 
g++ -g -Wall -std=c++17    greet.cc   -o greet
cat </dev/null >.gitignore
for t in greet; do echo $t >>.gitignore; done
bklayma1@g7-37:~/i240b/submit/lab3/2-greet$ make -f ../Makefile [5Pemacs greet.cc[Cvalgrind ./greet Bart Lisa
==3410127== Memcheck, a memory error detector
==3410127== Copyright (C) 2002-2017, and GNU GPL'd, by Julian Seward et al.
==3410127== Using Valgrind-3.14.0 and LibVEX; rerun with -h for copyright info
==3410127== Command: ./greet Bart Lisa
==3410127== 
hello hello Bart
==3410127== Mismatched free() / delete / delete []
==3410127==    at 0x483708B: operator delete(void*, unsigned long) (vg_replace_malloc.c:585)
==3410127==    by 0x10931D: main (greet.cc:27)
==3410127==  Address 0x4d74c80 is 0 bytes inside a block of size 11 alloc'd
==3410127==    at 0x483650F: operator new[](unsigned long) (vg_replace_malloc.c:423)
==3410127==    by 0x1091E4: greetMsg(char const*) (greet.cc:11)
==3410127==    by 0x1092D8: main (greet.cc:25)
==3410127== 
hello hello Lisa
==3410127== 
==3410127== HEAP SUMMARY:
==3410127==     in use at exit: 34 bytes in 2 blocks
==3410127==   total heap usage: 6 allocs, 4 frees, 73,784 bytes allocated
==3410127== 
==3410127== LEAK SUMMARY:
==3410127==    definitely lost: 34 bytes in 2 blocks
==3410127==    indirectly lost: 0 bytes in 0 blocks
==3410127==      possibly lost: 0 bytes in 0 blocks
==3410127==    still reachable: 0 bytes in 0 blocks
==3410127==         suppressed: 0 bytes in 0 blocks
==3410127== Rerun with --leak-check=full to see details of leaked memory
==3410127== 
==3410127== For counts of detected and suppressed errors, rerun with: -v
==3410127== ERROR SUMMARY: 2 errors from 1 contexts (suppressed: 0 from 0)
bklayma1@g7-37:~/i240b/submit/lab3/2-greet$ valgrind ./greet Bart Lisa[6Pmake -f ../Makefile [5Pemacs greet.cc[C
bklayma1@g7-37:~/i240b/submit/lab3/2-greet$ emacs greet.cc valgrind ./greet Bart Lisa
==3410408== Memcheck, a memory error detector
==3410408== Copyright (C) 2002-2017, and GNU GPL'd, by Julian Seward et al.
==3410408== Using Valgrind-3.14.0 and LibVEX; rerun with -h for copyright info
==3410408== Command: ./greet Bart Lisa
==3410408== 
hello hello Bart
==3410408== Mismatched free() / delete / delete []
==3410408==    at 0x483708B: operator delete(void*, unsigned long) (vg_replace_malloc.c:585)
==3410408==    by 0x10931D: main (greet.cc:27)
==3410408==  Address 0x4d74c80 is 0 bytes inside a block of size 11 alloc'd
==3410408==    at 0x483650F: operator new[](unsigned long) (vg_replace_malloc.c:423)
==3410408==    by 0x1091E4: greetMsg(char const*) (greet.cc:11)
==3410408==    by 0x1092D8: main (greet.cc:25)
==3410408== 
hello hello Lisa
==3410408== 
==3410408== HEAP SUMMARY:
==3410408==     in use at exit: 34 bytes in 2 blocks
==3410408==   total heap usage: 6 allocs, 4 frees, 73,784 bytes allocated
==3410408== 
==3410408== LEAK SUMMARY:
==3410408==    definitely lost: 34 bytes in 2 blocks
==3410408==    indirectly lost: 0 bytes in 0 blocks
==3410408==      possibly lost: 0 bytes in 0 blocks
==3410408==    still reachable: 0 bytes in 0 blocks
==3410408==         suppressed: 0 bytes in 0 blocks
==3410408== Rerun with --leak-check=full to see details of leaked memory
==3410408== 
==3410408== For counts of detected and suppressed errors, rerun with: -v
==3410408== ERROR SUMMARY: 2 errors from 1 contexts (suppressed: 0 from 0)
bklayma1@g7-37:~/i240b/submit/lab3/2-greet$ valgrind ./greet Bart Lisa[11Pemacs greet.cc valgrind ./greet Bart Lisa[6Pmake -f ../Makefile 
g++ -g -Wall -std=c++17    greet.cc   -o greet
cat </dev/null >.gitignore
for t in greet; do echo $t >>.gitignore; done
bklayma1@g7-37:~/i240b/submit/lab3/2-greet$ make -f ../Makefile valgrind ./greet Bart Lisa
==3410430== Memcheck, a memory error detector
==3410430== Copyright (C) 2002-2017, and GNU GPL'd, by Julian Seward et al.
==3410430== Using Valgrind-3.14.0 and LibVEX; rerun with -h for copyright info
==3410430== Command: ./greet Bart Lisa
==3410430== 
hello hello Bart
hello hello Lisa
==3410430== 
==3410430== HEAP SUMMARY:
==3410430==     in use at exit: 34 bytes in 2 blocks
==3410430==   total heap usage: 6 allocs, 4 frees, 73,784 bytes allocated
==3410430== 
==3410430== LEAK SUMMARY:
==3410430==    definitely lost: 34 bytes in 2 blocks
==3410430==    indirectly lost: 0 bytes in 0 blocks
==3410430==      possibly lost: 0 bytes in 0 blocks
==3410430==    still reachable: 0 bytes in 0 blocks
==3410430==         suppressed: 0 bytes in 0 blocks
==3410430== Rerun with --leak-check=full to see details of leaked memory
==3410430== 
==3410430== For counts of detected and suppressed errors, rerun with: -v
==3410430== ERROR SUMMARY: 0 errors from 0 contexts (suppressed: 0 from 0)
bklayma1@g7-37:~/i240b/submit/lab3/2-greet$ valgrind ./greet Bart Lisa[6Pmake -f ../Makefile valgrind ./greet Bart Lisa[11Pemacs greet.cc 
bklayma1@g7-37:~/i240b/submit/lab3/2-greet$ emacs greet.cc valgrind ./greet Bart Lisa[6Pmake -f ../Makefile 
g++ -g -Wall -std=c++17    greet.cc   -o greet
cat </dev/null >.gitignore
for t in greet; do echo $t >>.gitignore; done
bklayma1@g7-37:~/i240b/submit/lab3/2-greet$ make -f ../Makefile [5Pemacs greet.cc[Cvalgrind ./greet Bart Lisa
==3410532== Memcheck, a memory error detector
==3410532== Copyright (C) 2002-2017, and GNU GPL'd, by Julian Seward et al.
==3410532== Using Valgrind-3.14.0 and LibVEX; rerun with -h for copyright info
==3410532== Command: ./greet Bart Lisa
==3410532== 
hello Bart
hello Lisa
==3410532== 
==3410532== HEAP SUMMARY:
==3410532==     in use at exit: 0 bytes in 0 blocks
==3410532==   total heap usage: 4 allocs, 4 frees, 73,750 bytes allocated
==3410532== 
==3410532== All heap blocks were freed -- no leaks are possible
==3410532== 
==3410532== For counts of detected and suppressed errors, rerun with: -v
==3410532== ERROR SUMMARY: 0 errors from 0 contexts (suppressed: 0 from 0)
bklayma1@g7-37:~/i240b/submit/lab3/2-greet$ cd ../3-greet/
bklayma1@g7-37:~/i240b/submit/lab3/3-greet$ emacs greet.cc 
bklayma1@g7-37:~/i240b/submit/lab3/3-greet$ emacs greet.cc [1Pcd ../3-greet/valgrind ./greet Bart Lisa[6Pmake -f ../Makefile 
g++ -g -Wall -std=c++17    greet.cc   -o greet
cat </dev/null >.gitignore
for t in greet; do echo $t >>.gitignore; done
bklayma1@g7-37:~/i240b/submit/lab3/3-greet$ ./greet Bart Lisa
ing::replaceBart
ing::replaceLisa
bklayma1@g7-37:~/i240b/submit/lab3/3-greet$ ./greet Bart Lisamake -f ../Makefile [5Pemacs greet.cc[C
bklayma1@g7-37:~/i240b/submit/lab3/3-greet$ emacs greet.cc ./greet Bart Lisamake -f ../Makefile 
g++ -g -Wall -std=c++17    greet.cc   -o greet
cat </dev/null >.gitignore
for t in greet; do echo $t >>.gitignore; done
bklayma1@g7-37:~/i240b/submit/lab3/3-greet$ make -f ../Makefile [5Pemacs greet.cc[C./greet Bart Lisa
ing::replaceBart
ing::replaceLisa
bklayma1@g7-37:~/i240b/submit/lab3/3-greet$ ./greet Bart Lisamake -f ../Makefile [5Pemacs greet.cc[C
bklayma1@g7-37:~/i240b/submit/lab3/3-greet$ emacs greet.cc ./greet Bart Lisamake -f ../Makefile 
g++ -g -Wall -std=c++17    greet.cc   -o greet
cat </dev/null >.gitignore
for t in greet; do echo $t >>.gitignore; done
bklayma1@g7-37:~/i240b/submit/lab3/3-greet$ make -f ../Makefile [5Pemacs greet.cc[C./greet Bart Lisa
GREET Bart
GREET Lisa
bklayma1@g7-37:~/i240b/submit/lab3/3-greet$ ./greet Bart Lisamake -f ../Makefile [3P./greet Bart Lisamake -f ../Makefile [5Pemacs greet.cc[C
bklayma1@g7-37:~/i240b/submit/lab3/3-greet$ emacs greet.cc ./greet Bart Lisamake -f ../Makefile 
g++ -g -Wall -std=c++17    greet.cc   -o greet
cat </dev/null >.gitignore
for t in greet; do echo $t >>.gitignore; done
bklayma1@g7-37:~/i240b/submit/lab3/3-greet$ make -f ../Makefile [5Pemacs greet.cc[C./greet Bart Lisa
hello Bart
hello Lisa
bklayma1@g7-37:~/i240b/submit/lab3/3-greet$ ./greet Bart Lisamake -f ../Makefile [5Pemacs greet.cc[C./greet Bart Lisamake -f ../Makefile [5Pemacs greet.cc[C./greet Bart Lisamake -f ../Makefile [5Pemacs greet.cc[C./greet Bart Lisamake -f ../Makefile [5Pemacs greet.cc[C[1Pcd ../3-greet/valgrind ./greet Bart Lisa
==3411050== Memcheck, a memory error detector
==3411050== Copyright (C) 2002-2017, and GNU GPL'd, by Julian Seward et al.
==3411050== Using Valgrind-3.14.0 and LibVEX; rerun with -h for copyright info
==3411050== Command: ./greet Bart Lisa
==3411050== 
hello Bart
hello Lisa
==3411050== 
==3411050== HEAP SUMMARY:
==3411050==     in use at exit: 0 bytes in 0 blocks
==3411050==   total heap usage: 2 allocs, 2 frees, 73,728 bytes allocated
==3411050== 
==3411050== All heap blocks were freed -- no leaks are possible
==3411050== 
==3411050== For counts of detected and suppressed errors, rerun with: -v
==3411050== ERROR SUMMARY: 0 errors from 0 contexts (suppressed: 0 from 0)
bklayma1@g7-37:~/i240b/submit/lab3/3-greet$ valgrind ./greet Bart Lisa[9P[C[C[C[C[C[C[C[C[C[C[C[C[C[C[C[C[Cmake -f ../Makefile [5Pemacs greet.cc[C
bklayma1@g7-37:~/i240b/submit/lab3/3-greet$ emacs greet.cc valgrind ./greet Bart Lisa[9P[C[C[C[C[C[C[C[C[C[C[C[C[C[C[C[C[Cmake -f ../Makefile 
g++ -g -Wall -std=c++17    greet.cc   -o greet
cat </dev/null >.gitignore
for t in greet; do echo $t >>.gitignore; done
bklayma1@g7-37:~/i240b/submit/lab3/3-greet$ make -f ../Makefile [5Pemacs greet.cc[Cvalgrind ./greet Bart Lisa[9P[C[C[C[C[C[C[C[C[C[C[C[C[C[C[C[C[C
hello Bart
hello Lisa
bklayma1@g7-37:~/i240b/submit/lab3/3-greet$ ./greet Bart Lisamake -f ../Makefile [5Pemacs greet.cc[C
bklayma1@g7-37:~/i240b/submit/lab3/3-greet$ emacs greet.cc ./greet Bart Lisamake -f ../Makefile 
g++ -g -Wall -std=c++17    greet.cc   -o greet
cat </dev/null >.gitignore
for t in greet; do echo $t >>.gitignore; done
bklayma1@g7-37:~/i240b/submit/lab3/3-greet$ make -f ../Makefile [5Pemacs greet.cc[C./greet Bart Lisa
Greeting's size: 32
hello Bart
Greeting's size: 32
hello Lisa
bklayma1@g7-37:~/i240b/submit/lab3/3-greet$ cd ../4-sortnums/
bklayma1@g7-37:~/i240b/submit/lab3/4-sortnums$ emacs sortnums.cc 
Fatal error 11: Segmentation fault
Backtrace:
emacs[0x51159e]
emacs[0x4f6f6a]
emacs[0x50fa6e]
emacs[0x50fc98]
emacs[0x50fd19]
/lib/x86_64-linux-gnu/libpthread.so.0(+0x12730)[0x7ff63af96730]
/usr/lib/x86_64-linux-gnu/libgtk-3.so.0(+0x1f2204)[0x7ff63dada204]
/usr/lib/x86_64-linux-gnu/libgtk-3.so.0(+0x378a53)[0x7ff63dc60a53]
/usr/lib/x86_64-linux-gnu/libgtk-3.so.0(+0x378b11)[0x7ff63dc60b11]
/usr/lib/x86_64-linux-gnu/libgtk-3.so.0(+0x378ff1)[0x7ff63dc60ff1]
/usr/lib/x86_64-linux-gnu/libffi.so.6(ffi_call_unix64+0x4c)[0x7ff639cb78ee]
/usr/lib/x86_64-linux-gnu/libffi.so.6(ffi_call+0x22f)[0x7ff639cb72bf]
/usr/lib/x86_64-linux-gnu/libgobject-2.0.so.0(g_cclosure_marshal_generic+0x202)[0x7ff63d410482]
/usr/lib/x86_64-linux-gnu/libgobject-2.0.so.0(g_closure_invoke+0x19d)[0x7ff63d40fc8d]
/usr/lib/x86_64-linux-gnu/libgobject-2.0.so.0(+0x24365)[0x7ff63d423365]
/usr/lib/x86_64-linux-gnu/libgobject-2.0.so.0(g_signal_emit_valist+0xd8e)[0x7ff63d42c2be]
/usr/lib/x86_64-linux-gnu/libgobject-2.0.so.0(g_signal_emit+0x8f)[0x7ff63d42c97f]
/usr/lib/x86_64-linux-gnu/libgtk-3.so.0(gtk_gesture_set_sequence_state+0xe1)[0x7ff63dad8811]
/usr/lib/x86_64-linux-gnu/libgtk-3.so.0(+0x1f1609)[0x7ff63dad9609]
/usr/lib/x86_64-linux-gnu/libgtk-3.so.0(+0x1f18f0)[0x7ff63dad98f0]
/usr/lib/x86_64-linux-gnu/libgtk-3.so.0(+0x1f4886)[0x7ff63dadc886]
/usr/lib/x86_64-linux-gnu/libgtk-3.so.0(gtk_event_controller_handle_event+0x6c)[0x7ff63daa544c]
/usr/lib/x86_64-linux-gnu/libgtk-3.so.0(+0x37707b)[0x7ff63dc5f07b]
/usr/lib/x86_64-linux-gnu/libgtk-3.so.0(+0x3cb274)[0x7ff63dcb3274]
/usr/lib/x86_64-linux-gnu/libgobject-2.0.so.0(+0x10ec6)[0x7ff63d40fec6]
/usr/lib/x86_64-linux-gnu/libgobject-2.0.so.0(g_signal_emit_valist+0x844)[0x7ff63d42bd74]
/usr/lib/x86_64-linux-gnu/libgobject-2.0.so.0(g_signal_emit+0x8f)[0x7ff63d42c97f]
/usr/lib/x86_64-linux-gnu/libgtk-3.so.0(+0x379324)[0x7ff63dc61324]
/usr/lib/x86_64-linux-gnu/libgtk-3.so.0(+0x239976)[0x7ff63db21976]
/usr/lib/x86_64-linux-gnu/libgtk-3.so.0(gtk_main_do_event+0x833)[0x7ff63db23a83]
/usr/lib/x86_64-linux-gnu/libgdk-3.so.0(+0x39465)[0x7ff63d823465]
/usr/lib/x86_64-linux-gnu/libgdk-3.so.0(+0x6a112)[0x7ff63d854112]
/usr/lib/x86_64-linux-gnu/libglib-2.0.so.0(g_main_context_dispatch+0x2ae)[0x7ff63d32df2e]
/usr/lib/x86_64-linux-gnu/libglib-2.0.so.0(+0x4e1c8)[0x7ff63d32e1c8]
/usr/lib/x86_64-linux-gnu/libglib-2.0.so.0(g_main_context_iteration+0x2c)[0x7ff63d32e25c]
/usr/lib/x86_64-linux-gnu/libgtk-3.so.0(gtk_main_iteration+0x15)[0x7ff63db22bc5]
emacs[0x4c48f2]
emacs[0x4fe1c9]
emacs[0x4fe875]
emacs[0x5766f2]
emacs[0x577739]
...
Segmentation fault
bklayma1@g7-37:~/i240b/submit/lab3/4-sortnums$ emacs sortnums.cc 
bklayma1@g7-37:~/i240b/submit/lab3/4-sortnums$ make
make: *** No targets specified and no makefile found.  Stop.
bklayma1@g7-37:~/i240b/submit/lab3/4-sortnums$ make -f ../Makefile 
g++ -g -Wall -std=c++17    sortnums.cc   -o sortnums
cat </dev/null >.gitignore
for t in sortnums; do echo $t >>.gitignore; done
bklayma1@g7-37:~/i240b/submit/lab3/4-sortnums$ ./sortnums 
usage: ./sortnums FILE...
bklayma1@g7-37:~/i240b/submit/lab3/4-sortnums$ ./sortnums *.dat
10
10
10
20
20
20
30
30
30
40
40
40
50
50
50
60
60
60
70
70
70
80
80
80
90
90
90
100
100
100
200
200
200
300
300
300
400
400
400
500
500
500
600
600
600
700
700
700
800
800
800
900
900
900
bklayma1@g7-37:~/i240b/submit/lab3/4-sortnums$ ./sortnums *.dat[K[9@make -f ../Makefile[C[Kemacs sortnums.cc 
bklayma1@g7-37:~/i240b/submit/lab3/4-sortnums$ emacs sortnums.cc [2P./sortnums *.dat[K[9@make -f ../Makefile[C
g++ -g -Wall -std=c++17    sortnums.cc   -o sortnums
[01m[Ksortnums.cc:[m[K In function ‘[01m[Kbool cmp(const int&, const int&)[m[K’:
[01m[Ksortnums.cc:32:7:[m[K [01;31m[Kerror: [m[Kinvalid type argument of unary ‘[01m[K*[m[K’ (have ‘[01m[Kint[m[K’)
   if(*[01;31m[Ka[m[K < *b){
       [01;31m[K^[m[K
[01m[Ksortnums.cc:32:12:[m[K [01;31m[Kerror: [m[Kinvalid type argument of unary ‘[01m[K*[m[K’ (have ‘[01m[Kint[m[K’)
   if(*a < *[01;31m[Kb[m[K){
            [01;31m[K^[m[K
make: *** [<builtin>: sortnums] Error 1
bklayma1@g7-37:~/i240b/submit/lab3/4-sortnums$ make -f ../Makefile [2Pemacs sortnums.cc[C
bklayma1@g7-37:~/i240b/submit/lab3/4-sortnums$ emacs sortnums.cc [2@make -f ../Makefile[C
g++ -g -Wall -std=c++17    sortnums.cc   -o sortnums
cat </dev/null >.gitignore
for t in sortnums; do echo $t >>.gitignore; done
bklayma1@g7-37:~/i240b/submit/lab3/4-sortnums$ make -f ../Makefile [2Pemacs sortnums.cc[C[2@make -f ../Makefile[C[2Pemacs sortnums.cc[C[2P./sortnums *.dat
10
10
10
20
20
20
30
30
30
40
40
40
50
50
50
60
60
60
70
70
70
80
80
80
90
90
90
100
100
100
200
200
200
300
300
300
400
400
400
500
500
500
600
600
600
700
700
700
800
800
800
900
900
900
bklayma1@g7-37:~/i240b/submit/lab3/4-sortnums$ ./sortnums *.datmake -f ../Makefile [2Pemacs sortnums.cc[C
bklayma1@g7-37:~/i240b/submit/lab3/4-sortnums$ emacs sortnums.cc [2P./sortnums *.datmake -f ../Makefile 
g++ -g -Wall -std=c++17    sortnums.cc   -o sortnums
cat </dev/null >.gitignore
for t in sortnums; do echo $t >>.gitignore; done
bklayma1@g7-37:~/i240b/submit/lab3/4-sortnums$ make -f ../Makefile [2Pemacs sortnums.cc[C[2P./sortnums *.dat
900
900
900
800
800
800
700
700
700
600
600
600
500
500
500
400
400
400
300
300
300
200
200
200
100
100
100
90
90
90
80
80
80
70
70
70
60
60
60
50
50
50
40
40
40
30
30
30
20
20
20
10
10
10
bklayma1@g7-37:~/i240b/submit/lab3/4-sortnums$ cd ../5-numpaths/
bklayma1@g7-37:~/i240b/submit/lab3/5-numpaths$ make -f ../Makefile 
g++ -g -Wall -std=c++17    numpaths.cc   -o numpaths
bklayma1@g7-37:~/i240b/submit/lab3/5-numpaths$ numfmt [K[K[K[K[K[K[K./numpaths ../data/*.dat
>> 342
342: ../data/4.dat ../data/8.dat 
>> 324
324: ../data/1.dat ../data/3.dat ../data/8.dat 
>> 45
45: NOT FOUND
>> 234
234: ../data/6.dat ../data/8.dat 
>> ^Z
[1]+  Stopped                 ./numpaths ../data/*.dat
bklayma1@g7-37:~/i240b/submit/lab3/5-numpaths$ ./numpaths ../data/*.dat[4Pmake -f ../Makefile 
make: Nothing to be done for 'all'.
bklayma1@g7-37:~/i240b/submit/lab3/5-numpaths$ make -f ../Makefile 
make: Nothing to be done for 'all'.
bklayma1@g7-37:~/i240b/submit/lab3/5-numpaths$ make -f ../Makefile ./numpaths ../data/*.dat[4Pmake -f ../Makefile ./numpaths ../data/*.dat
>> 21
21: ../data/10.dat ../data/4.dat ../data/7.dat 
>> ^Z
[2]+  Stopped                 ./numpaths ../data/*.dat
bklayma1@g7-37:~/i240b/submit/lab3/5-numpaths$ enacs numpaths.cc 
bash: enacs: command not found
bklayma1@g7-37:~/i240b/submit/lab3/5-numpaths$ enacs numpaths.cc [C[C[1P[1@m
^[[A^[[B^Z
[3]+  Stopped                 emacs numpaths.cc
bklayma1@g7-37:~/i240b/submit/lab3/5-numpaths$ emacs numpaths.cc 
^Z
[4]+  Stopped                 emacs numpaths.cc
bklayma1@g7-37:~/i240b/submit/lab3/5-numpaths$ emacs numpaths.cc n[C[C[C[C[C[C[C[C[C[C[C[C[C[C[C[C./numpaths ../data/*.dat[4Pmake -f ../Makefile 
make: Nothing to be done for 'all'.
[3]-  Killed                  emacs numpaths.cc
bklayma1@g7-37:~/i240b/submit/lab3/5-numpaths$ make -f ../Makefile [2Pemacs numpaths.cc[Cn[C[C[C[C[C[C[C[C[C[C[C[C[C[C[C[C./numpaths ../data/*.dat[6Penacs numpaths.cc m[C[C[C[C[C[C[C[C[C[C[C[C[C[C[C[C[2@make -f ../Makefile[C
make: Nothing to be done for 'all'.
[4]+  Killed                  emacs numpaths.cc
bklayma1@g7-37:~/i240b/submit/lab3/5-numpaths$ make -f ../Makefile [2Pemacs numpaths.cc[C
bklayma1@g7-37:~/i240b/submit/lab3/5-numpaths$ emacs numpaths.cc 
bklayma1@g7-37:~/i240b/submit/lab3/5-numpaths$ emacs numpaths.cc 
bklayma1@g7-37:~/i240b/submit/lab3/5-numpaths$ emacs numpaths.cc [2@make -f ../Makefile[C
g++ -g -Wall -std=c++17    numpaths.cc   -o numpaths
[01m[Knumpaths.cc:[m[K In function ‘[01m[Kstd::map<int, std::set<std::__cxx11::basic_string<char> > > readNums(std::vector<std::__cxx11::basic_string<char> >)[m[K’:
[01m[Knumpaths.cc:25:10:[m[K [01;31m[Kerror: [m[Kno match for ‘[01m[Koperator[][m[K’ (operand types are ‘[01m[Kstd::map<std::set<std::__cxx11::basic_string<char> >, int>[m[K’ and ‘[01m[Kstd::__cxx11::basic_string<char>[m[K’)
       map[01;31m[K[[m[KfileName] += i;
          [01;31m[K^[m[K
In file included from [01m[K/usr/include/c++/8/map:61[m[K,
                 from [01m[Knumpaths.cc:7[m[K:
[01m[K/usr/include/c++/8/bits/stl_map.h:490:7:[m[K [01;36m[Knote: [m[Kcandidate: ‘[01m[Kstd::map<_Key, _Tp, _Compare, _Alloc>::mapped_type& std::map<_Key, _Tp, _Compare, _Alloc>::operator[](const key_type&) [with _Key = std::set<std::__cxx11::basic_string<char> >; _Tp = int; _Compare = std::less<std::set<std::__cxx11::basic_string<char> > >; _Alloc = std::allocator<std::pair<const std::set<std::__cxx11::basic_string<char> >, int> >; std::map<_Key, _Tp, _Compare, _Alloc>::mapped_type = int; std::map<_Key, _Tp, _Compare, _Alloc>::key_type = std::set<std::__cxx11::basic_string<char> >][m[K’
       [01;36m[Koperator[m[K[](const key_type& __k)
       [01;36m[K^~~~~~~~[m[K
[01m[K/usr/include/c++/8/bits/stl_map.h:490:7:[m[K [01;36m[Knote: [m[K  no known conversion for argument 1 from ‘[01m[Kstd::__cxx11::basic_string<char>[m[K’ to ‘[01m[Kconst key_type&[m[K’ {aka ‘[01m[Kconst std::set<std::__cxx11::basic_string<char> >&[m[K’}
[01m[K/usr/include/c++/8/bits/stl_map.h:510:7:[m[K [01;36m[Knote: [m[Kcandidate: ‘[01m[Kstd::map<_Key, _Tp, _Compare, _Alloc>::mapped_type& std::map<_Key, _Tp, _Compare, _Alloc>::operator[](std::map<_Key, _Tp, _Compare, _Alloc>::key_type&&) [with _Key = std::set<std::__cxx11::basic_string<char> >; _Tp = int; _Compare = std::less<std::set<std::__cxx11::basic_string<char> > >; _Alloc = std::allocator<std::pair<const std::set<std::__cxx11::basic_string<char> >, int> >; std::map<_Key, _Tp, _Compare, _Alloc>::mapped_type = int; std::map<_Key, _Tp, _Compare, _Alloc>::key_type = std::set<std::__cxx11::basic_string<char> >][m[K’
       [01;36m[Koperator[m[K[](key_type&& __k)
       [01;36m[K^~~~~~~~[m[K
[01m[K/usr/include/c++/8/bits/stl_map.h:510:7:[m[K [01;36m[Knote: [m[K  no known conversion for argument 1 from ‘[01m[Kstd::__cxx11::basic_string<char>[m[K’ to ‘[01m[Kstd::map<std::set<std::__cxx11::basic_string<char> >, int>::key_type&&[m[K’ {aka ‘[01m[Kstd::set<std::__cxx11::basic_string<char> >&&[m[K’}
[01m[Knumpaths.cc:32:10:[m[K [01;31m[Kerror: [m[Kcould not convert ‘[01m[Kmap[m[K’ from ‘[01m[Kmap<[01;32m[Kstd::set<std::__cxx11::basic_string<char> >[m[K,[01;32m[Kint[m[K>[m[K’ to ‘[01m[Kmap<[01;32m[Kint[m[K,[01;32m[Kstd::set<std::__cxx11::basic_string<char> >[m[K>[m[K’
   return [01;31m[Kmap[m[K;
          [01;31m[K^~~[m[K
[01m[Knumpaths.cc:[m[K In function ‘[01m[Kvoid interact(const std::map<int, std::set<std::__cxx11::basic_string<char> > >&)[m[K’:
[01m[Knumpaths.cc:49:27:[m[K [01;31m[Kerror: [m[Kpassing ‘[01m[Kconst std::map<int, std::set<std::__cxx11::basic_string<char> > >[m[K’ as ‘[01m[Kthis[m[K’ argument discards qualifiers [[01;31m[K-fpermissive[m[K]
       int intTotal = map[i[01;31m[K][m[K;
                           [01;31m[K^[m[K
In file included from [01m[K/usr/include/c++/8/map:61[m[K,
                 from [01m[Knumpaths.cc:7[m[K:
[01m[K/usr/include/c++/8/bits/stl_map.h:490:7:[m[K [01;36m[Knote: [m[K  in call to ‘[01m[Kstd::map<_Key, _Tp, _Compare, _Alloc>::mapped_type& std::map<_Key, _Tp, _Compare, _Alloc>::operator[](const key_type&) [with _Key = int; _Tp = std::set<std::__cxx11::basic_string<char> >; _Compare = std::less<int>; _Alloc = std::allocator<std::pair<const int, std::set<std::__cxx11::basic_string<char> > > >; std::map<_Key, _Tp, _Compare, _Alloc>::mapped_type = std::set<std::__cxx11::basic_string<char> >; std::map<_Key, _Tp, _Compare, _Alloc>::key_type = int][m[K’
       [01;36m[Koperator[m[K[](const key_type& __k)
       [01;36m[K^~~~~~~~[m[K
[01m[Knumpaths.cc:49:27:[m[K [01;31m[Kerror: [m[Kcannot convert ‘[01m[Kstd::map<int, std::set<std::__cxx11::basic_string<char> > >::mapped_type[m[K’ {aka ‘[01m[Kstd::set<std::__cxx11::basic_string<char> >[m[K’} to ‘[01m[Kint[m[K’ in initialization
       int intTotal = map[i[01;31m[K][m[K;
                           [01;31m[K^[m[K
[01m[Knumpaths.cc:[m[K At global scope:
[01m[Knumpaths.cc:36:1:[m[K [01;35m[Kwarning: [m[K‘[01m[Kstd::ostream& operator<<(std::ostream&, const std::set<std::__cxx11::basic_string<char> >&)[m[K’ defined but not used [[01;35m[K-Wunused-function[m[K]
 [01;35m[Koperator[m[K<<(std::ostream& out, const std::set<std::string>& set)
 [01;35m[K^~~~~~~~[m[K
make: *** [<builtin>: numpaths] Error 1
bklayma1@g7-37:~/i240b/submit/lab3/5-numpaths$ make -f ../Makefile [2Pemacs numpaths.cc[C
bklayma1@g7-37:~/i240b/submit/lab3/5-numpaths$ emacs numpaths.cc [2@make -f ../Makefile[C
g++ -g -Wall -std=c++17    numpaths.cc   -o numpaths
[01m[Knumpaths.cc:[m[K In function ‘[01m[Kstd::map<std::set<std::__cxx11::basic_string<char> >, int> readNums(std::vector<std::__cxx11::basic_string<char> >)[m[K’:
[01m[Knumpaths.cc:25:10:[m[K [01;31m[Kerror: [m[Kno match for ‘[01m[Koperator[][m[K’ (operand types are ‘[01m[Kstd::map<std::set<std::__cxx11::basic_string<char> >, int>[m[K’ and ‘[01m[Kstd::__cxx11::basic_string<char>[m[K’)
       map[01;31m[K[[m[KfileName] += i;
          [01;31m[K^[m[K
In file included from [01m[K/usr/include/c++/8/map:61[m[K,
                 from [01m[Knumpaths.cc:7[m[K:
[01m[K/usr/include/c++/8/bits/stl_map.h:490:7:[m[K [01;36m[Knote: [m[Kcandidate: ‘[01m[Kstd::map<_Key, _Tp, _Compare, _Alloc>::mapped_type& std::map<_Key, _Tp, _Compare, _Alloc>::operator[](const key_type&) [with _Key = std::set<std::__cxx11::basic_string<char> >; _Tp = int; _Compare = std::less<std::set<std::__cxx11::basic_string<char> > >; _Alloc = std::allocator<std::pair<const std::set<std::__cxx11::basic_string<char> >, int> >; std::map<_Key, _Tp, _Compare, _Alloc>::mapped_type = int; std::map<_Key, _Tp, _Compare, _Alloc>::key_type = std::set<std::__cxx11::basic_string<char> >][m[K’
       [01;36m[Koperator[m[K[](const key_type& __k)
       [01;36m[K^~~~~~~~[m[K
[01m[K/usr/include/c++/8/bits/stl_map.h:490:7:[m[K [01;36m[Knote: [m[K  no known conversion for argument 1 from ‘[01m[Kstd::__cxx11::basic_string<char>[m[K’ to ‘[01m[Kconst key_type&[m[K’ {aka ‘[01m[Kconst std::set<std::__cxx11::basic_string<char> >&[m[K’}
[01m[K/usr/include/c++/8/bits/stl_map.h:510:7:[m[K [01;36m[Knote: [m[Kcandidate: ‘[01m[Kstd::map<_Key, _Tp, _Compare, _Alloc>::mapped_type& std::map<_Key, _Tp, _Compare, _Alloc>::operator[](std::map<_Key, _Tp, _Compare, _Alloc>::key_type&&) [with _Key = std::set<std::__cxx11::basic_string<char> >; _Tp = int; _Compare = std::less<std::set<std::__cxx11::basic_string<char> > >; _Alloc = std::allocator<std::pair<const std::set<std::__cxx11::basic_string<char> >, int> >; std::map<_Key, _Tp, _Compare, _Alloc>::mapped_type = int; std::map<_Key, _Tp, _Compare, _Alloc>::key_type = std::set<std::__cxx11::basic_string<char> >][m[K’
       [01;36m[Koperator[m[K[](key_type&& __k)
       [01;36m[K^~~~~~~~[m[K
[01m[K/usr/include/c++/8/bits/stl_map.h:510:7:[m[K [01;36m[Knote: [m[K  no known conversion for argument 1 from ‘[01m[Kstd::__cxx11::basic_string<char>[m[K’ to ‘[01m[Kstd::map<std::set<std::__cxx11::basic_string<char> >, int>::key_type&&[m[K’ {aka ‘[01m[Kstd::set<std::__cxx11::basic_string<char> >&&[m[K’}
[01m[Knumpaths.cc:[m[K In function ‘[01m[Kvoid interact(const std::map<int, std::set<std::__cxx11::basic_string<char> > >&)[m[K’:
[01m[Knumpaths.cc:49:27:[m[K [01;31m[Kerror: [m[Kpassing ‘[01m[Kconst std::map<int, std::set<std::__cxx11::basic_string<char> > >[m[K’ as ‘[01m[Kthis[m[K’ argument discards qualifiers [[01;31m[K-fpermissive[m[K]
       int intTotal = map[i[01;31m[K][m[K;
                           [01;31m[K^[m[K
In file included from [01m[K/usr/include/c++/8/map:61[m[K,
                 from [01m[Knumpaths.cc:7[m[K:
[01m[K/usr/include/c++/8/bits/stl_map.h:490:7:[m[K [01;36m[Knote: [m[K  in call to ‘[01m[Kstd::map<_Key, _Tp, _Compare, _Alloc>::mapped_type& std::map<_Key, _Tp, _Compare, _Alloc>::operator[](const key_type&) [with _Key = int; _Tp = std::set<std::__cxx11::basic_string<char> >; _Compare = std::less<int>; _Alloc = std::allocator<std::pair<const int, std::set<std::__cxx11::basic_string<char> > > >; std::map<_Key, _Tp, _Compare, _Alloc>::mapped_type = std::set<std::__cxx11::basic_string<char> >; std::map<_Key, _Tp, _Compare, _Alloc>::key_type = int][m[K’
       [01;36m[Koperator[m[K[](const key_type& __k)
       [01;36m[K^~~~~~~~[m[K
[01m[Knumpaths.cc:49:27:[m[K [01;31m[Kerror: [m[Kcannot convert ‘[01m[Kstd::map<int, std::set<std::__cxx11::basic_string<char> > >::mapped_type[m[K’ {aka ‘[01m[Kstd::set<std::__cxx11::basic_string<char> >[m[K’} to ‘[01m[Kint[m[K’ in initialization
       int intTotal = map[i[01;31m[K][m[K;
                           [01;31m[K^[m[K
[01m[Knumpaths.cc:[m[K In function ‘[01m[Kint main(int, char**)[m[K’:
[01m[Knumpaths.cc:67:12:[m[K [01;31m[Kerror: [m[Kinvalid initialization of reference of type ‘[01m[Kconst std::map<int, std::set<std::__cxx11::basic_string<char> > >&[m[K’ from expression of type ‘[01m[Kstd::map<std::set<std::__cxx11::basic_string<char> >, int>[m[K’
   interact([01;31m[Kmap[m[K);
            [01;31m[K^~~[m[K
[01m[Knumpaths.cc:43:1:[m[K [01;36m[Knote: [m[Kin passing argument 1 of ‘[01m[Kvoid interact(const std::map<int, std::set<std::__cxx11::basic_string<char> > >&)[m[K’
 [01;36m[Kinteract[m[K(const std::map<int, FileNames>& map)
 [01;36m[K^~~~~~~~[m[K
[01m[Knumpaths.cc:[m[K At global scope:
[01m[Knumpaths.cc:36:1:[m[K [01;35m[Kwarning: [m[K‘[01m[Kstd::ostream& operator<<(std::ostream&, const std::set<std::__cxx11::basic_string<char> >&)[m[K’ defined but not used [[01;35m[K-Wunused-function[m[K]
 [01;35m[Koperator[m[K<<(std::ostream& out, const std::set<std::string>& set)
 [01;35m[K^~~~~~~~[m[K
make: *** [<builtin>: numpaths] Error 1
bklayma1@g7-37:~/i240b/submit/lab3/5-numpaths$ make -f ../Makefile [2Pemacs numpaths.cc[C
bklayma1@g7-37:~/i240b/submit/lab3/5-numpaths$ emacs numpaths.cc [2@make -f ../Makefile[C
g++ -g -Wall -std=c++17    numpaths.cc   -o numpaths
[01m[Knumpaths.cc:[m[K In function ‘[01m[Kvoid interact(const std::map<int, std::set<std::__cxx11::basic_string<char> > >&)[m[K’:
[01m[Knumpaths.cc:49:27:[m[K [01;31m[Kerror: [m[Kpassing ‘[01m[Kconst std::map<int, std::set<std::__cxx11::basic_string<char> > >[m[K’ as ‘[01m[Kthis[m[K’ argument discards qualifiers [[01;31m[K-fpermissive[m[K]
       int intTotal = map[i[01;31m[K][m[K;
                           [01;31m[K^[m[K
In file included from [01m[K/usr/include/c++/8/map:61[m[K,
                 from [01m[Knumpaths.cc:7[m[K:
[01m[K/usr/include/c++/8/bits/stl_map.h:490:7:[m[K [01;36m[Knote: [m[K  in call to ‘[01m[Kstd::map<_Key, _Tp, _Compare, _Alloc>::mapped_type& std::map<_Key, _Tp, _Compare, _Alloc>::operator[](const key_type&) [with _Key = int; _Tp = std::set<std::__cxx11::basic_string<char> >; _Compare = std::less<int>; _Alloc = std::allocator<std::pair<const int, std::set<std::__cxx11::basic_string<char> > > >; std::map<_Key, _Tp, _Compare, _Alloc>::mapped_type = std::set<std::__cxx11::basic_string<char> >; std::map<_Key, _Tp, _Compare, _Alloc>::key_type = int][m[K’
       [01;36m[Koperator[m[K[](const key_type& __k)
       [01;36m[K^~~~~~~~[m[K
[01m[Knumpaths.cc:49:27:[m[K [01;31m[Kerror: [m[Kcannot convert ‘[01m[Kstd::map<int, std::set<std::__cxx11::basic_string<char> > >::mapped_type[m[K’ {aka ‘[01m[Kstd::set<std::__cxx11::basic_string<char> >[m[K’} to ‘[01m[Kint[m[K’ in initialization
       int intTotal = map[i[01;31m[K][m[K;
                           [01;31m[K^[m[K
[01m[Knumpaths.cc:[m[K In function ‘[01m[Kint main(int, char**)[m[K’:
[01m[Knumpaths.cc:67:12:[m[K [01;31m[Kerror: [m[Kinvalid initialization of reference of type ‘[01m[Kconst std::map<int, std::set<std::__cxx11::basic_string<char> > >&[m[K’ from expression of type ‘[01m[Kstd::map<std::__cxx11::basic_string<char>, int>[m[K’
   interact([01;31m[Kmap[m[K);
            [01;31m[K^~~[m[K
[01m[Knumpaths.cc:43:1:[m[K [01;36m[Knote: [m[Kin passing argument 1 of ‘[01m[Kvoid interact(const std::map<int, std::set<std::__cxx11::basic_string<char> > >&)[m[K’
 [01;36m[Kinteract[m[K(const std::map<int, FileNames>& map)
 [01;36m[K^~~~~~~~[m[K
[01m[Knumpaths.cc:[m[K At global scope:
[01m[Knumpaths.cc:36:1:[m[K [01;35m[Kwarning: [m[K‘[01m[Kstd::ostream& operator<<(std::ostream&, const std::set<std::__cxx11::basic_string<char> >&)[m[K’ defined but not used [[01;35m[K-Wunused-function[m[K]
 [01;35m[Koperator[m[K<<(std::ostream& out, const std::set<std::string>& set)
 [01;35m[K^~~~~~~~[m[K
make: *** [<builtin>: numpaths] Error 1
bklayma1@g7-37:~/i240b/submit/lab3/5-numpaths$ make -f ../Makefile [2Pemacs numpaths.cc[C
bklayma1@g7-37:~/i240b/submit/lab3/5-numpaths$ emacs numpaths.cc [2@make -f ../Makefile[C
g++ -g -Wall -std=c++17    numpaths.cc   -o numpaths
[01m[Knumpaths.cc:[m[K In function ‘[01m[Kvoid interact(const std::map<int, std::__cxx11::basic_string<char> >&)[m[K’:
[01m[Knumpaths.cc:49:27:[m[K [01;31m[Kerror: [m[Kpassing ‘[01m[Kconst std::map<int, std::__cxx11::basic_string<char> >[m[K’ as ‘[01m[Kthis[m[K’ argument discards qualifiers [[01;31m[K-fpermissive[m[K]
       int intTotal = map[i[01;31m[K][m[K;
                           [01;31m[K^[m[K
In file included from [01m[K/usr/include/c++/8/map:61[m[K,
                 from [01m[Knumpaths.cc:7[m[K:
[01m[K/usr/include/c++/8/bits/stl_map.h:490:7:[m[K [01;36m[Knote: [m[K  in call to ‘[01m[Kstd::map<_Key, _Tp, _Compare, _Alloc>::mapped_type& std::map<_Key, _Tp, _Compare, _Alloc>::operator[](const key_type&) [with _Key = int; _Tp = std::__cxx11::basic_string<char>; _Compare = std::less<int>; _Alloc = std::allocator<std::pair<const int, std::__cxx11::basic_string<char> > >; std::map<_Key, _Tp, _Compare, _Alloc>::mapped_type = std::__cxx11::basic_string<char>; std::map<_Key, _Tp, _Compare, _Alloc>::key_type = int][m[K’
       [01;36m[Koperator[m[K[](const key_type& __k)
       [01;36m[K^~~~~~~~[m[K
[01m[Knumpaths.cc:49:27:[m[K [01;31m[Kerror: [m[Kcannot convert ‘[01m[Kstd::map<int, std::__cxx11::basic_string<char> >::mapped_type[m[K’ {aka ‘[01m[Kstd::__cxx11::basic_string<char>[m[K’} to ‘[01m[Kint[m[K’ in initialization
       int intTotal = map[i[01;31m[K][m[K;
                           [01;31m[K^[m[K
[01m[Knumpaths.cc:[m[K In function ‘[01m[Kint main(int, char**)[m[K’:
[01m[Knumpaths.cc:67:12:[m[K [01;31m[Kerror: [m[Kinvalid initialization of reference of type ‘[01m[Kconst std::map<int, std::__cxx11::basic_string<char> >&[m[K’ from expression of type ‘[01m[Kstd::map<std::__cxx11::basic_string<char>, int>[m[K’
   interact([01;31m[Kmap[m[K);
            [01;31m[K^~~[m[K
[01m[Knumpaths.cc:43:1:[m[K [01;36m[Knote: [m[Kin passing argument 1 of ‘[01m[Kvoid interact(const std::map<int, std::__cxx11::basic_string<char> >&)[m[K’
 [01;36m[Kinteract[m[K(const std::map<int, std::string>& map)
 [01;36m[K^~~~~~~~[m[K
[01m[Knumpaths.cc:[m[K At global scope:
[01m[Knumpaths.cc:36:1:[m[K [01;35m[Kwarning: [m[K‘[01m[Kstd::ostream& operator<<(std::ostream&, const std::set<std::__cxx11::basic_string<char> >&)[m[K’ defined but not used [[01;35m[K-Wunused-function[m[K]
 [01;35m[Koperator[m[K<<(std::ostream& out, const std::set<std::string>& set)
 [01;35m[K^~~~~~~~[m[K
make: *** [<builtin>: numpaths] Error 1
bklayma1@g7-37:~/i240b/submit/lab3/5-numpaths$ make -f ../Makefile [2Pemacs numpaths.cc[C
bklayma1@g7-37:~/i240b/submit/lab3/5-numpaths$ emacs numpaths.cc [2@make -f ../Makefile[C
g++ -g -Wall -std=c++17    numpaths.cc   -o numpaths
[01m[Knumpaths.cc:[m[K In function ‘[01m[Kvoid interact(const std::map<std::__cxx11::basic_string<char>, int>&)[m[K’:
[01m[Knumpaths.cc:49:25:[m[K [01;31m[Kerror: [m[Kno match for ‘[01m[Koperator[][m[K’ (operand types are ‘[01m[Kconst std::map<std::__cxx11::basic_string<char>, int>[m[K’ and ‘[01m[Kint[m[K’)
       int intTotal = map[01;31m[K[[m[Ki];
                         [01;31m[K^[m[K
In file included from [01m[K/usr/include/c++/8/map:61[m[K,
                 from [01m[Knumpaths.cc:7[m[K:
[01m[K/usr/include/c++/8/bits/stl_map.h:490:7:[m[K [01;36m[Knote: [m[Kcandidate: ‘[01m[Kstd::map<_Key, _Tp, _Compare, _Alloc>::mapped_type& std::map<_Key, _Tp, _Compare, _Alloc>::operator[](const key_type&) [with _Key = std::__cxx11::basic_string<char>; _Tp = int; _Compare = std::less<std::__cxx11::basic_string<char> >; _Alloc = std::allocator<std::pair<const std::__cxx11::basic_string<char>, int> >; std::map<_Key, _Tp, _Compare, _Alloc>::mapped_type = int; std::map<_Key, _Tp, _Compare, _Alloc>::key_type = std::__cxx11::basic_string<char>][m[K’
       [01;36m[Koperator[m[K[](const key_type& __k)
       [01;36m[K^~~~~~~~[m[K
[01m[K/usr/include/c++/8/bits/stl_map.h:490:7:[m[K [01;36m[Knote: [m[K  no known conversion for argument 1 from ‘[01m[Kint[m[K’ to ‘[01m[Kconst key_type&[m[K’ {aka ‘[01m[Kconst std::__cxx11::basic_string<char>&[m[K’}
[01m[K/usr/include/c++/8/bits/stl_map.h:510:7:[m[K [01;36m[Knote: [m[Kcandidate: ‘[01m[Kstd::map<_Key, _Tp, _Compare, _Alloc>::mapped_type& std::map<_Key, _Tp, _Compare, _Alloc>::operator[](std::map<_Key, _Tp, _Compare, _Alloc>::key_type&&) [with _Key = std::__cxx11::basic_string<char>; _Tp = int; _Compare = std::less<std::__cxx11::basic_string<char> >; _Alloc = std::allocator<std::pair<const std::__cxx11::basic_string<char>, int> >; std::map<_Key, _Tp, _Compare, _Alloc>::mapped_type = int; std::map<_Key, _Tp, _Compare, _Alloc>::key_type = std::__cxx11::basic_string<char>][m[K’
       [01;36m[Koperator[m[K[](key_type&& __k)
       [01;36m[K^~~~~~~~[m[K
[01m[K/usr/include/c++/8/bits/stl_map.h:510:7:[m[K [01;36m[Knote: [m[K  no known conversion for argument 1 from ‘[01m[Kint[m[K’ to ‘[01m[Kstd::map<std::__cxx11::basic_string<char>, int>::key_type&&[m[K’ {aka ‘[01m[Kstd::__cxx11::basic_string<char>&&[m[K’}
[01m[Knumpaths.cc:[m[K At global scope:
[01m[Knumpaths.cc:36:1:[m[K [01;35m[Kwarning: [m[K‘[01m[Kstd::ostream& operator<<(std::ostream&, const std::set<std::__cxx11::basic_string<char> >&)[m[K’ defined but not used [[01;35m[K-Wunused-function[m[K]
 [01;35m[Koperator[m[K<<(std::ostream& out, const std::set<std::string>& set)
 [01;35m[K^~~~~~~~[m[K
make: *** [<builtin>: numpaths] Error 1
bklayma1@g7-37:~/i240b/submit/lab3/5-numpaths$ make -f ../Makefile [2Pemacs numpaths.cc[C
bklayma1@g7-37:~/i240b/submit/lab3/5-numpaths$ emacs numpaths.cc [2@make -f ../Makefile[C
g++ -g -Wall -std=c++17    numpaths.cc   -o numpaths
[01m[Knumpaths.cc:[m[K In function ‘[01m[Kvoid interact(const std::map<std::__cxx11::basic_string<char>, int>&)[m[K’:
[01m[Knumpaths.cc:49:30:[m[K [01;31m[Kerror: [m[Kno matching function for call to ‘[01m[Kstd::map<std::__cxx11::basic_string<char>, int>::at(int&) const[m[K’
       int intTotal = map.at(i[01;31m[K)[m[K;
                              [01;31m[K^[m[K
In file included from [01m[K/usr/include/c++/8/map:61[m[K,
                 from [01m[Knumpaths.cc:7[m[K:
[01m[K/usr/include/c++/8/bits/stl_map.h:535:7:[m[K [01;36m[Knote: [m[Kcandidate: ‘[01m[Kstd::map<_Key, _Tp, _Compare, _Alloc>::mapped_type& std::map<_Key, _Tp, _Compare, _Alloc>::at(const key_type&) [with _Key = std::__cxx11::basic_string<char>; _Tp = int; _Compare = std::less<std::__cxx11::basic_string<char> >; _Alloc = std::allocator<std::pair<const std::__cxx11::basic_string<char>, int> >; std::map<_Key, _Tp, _Compare, _Alloc>::mapped_type = int; std::map<_Key, _Tp, _Compare, _Alloc>::key_type = std::__cxx11::basic_string<char>][m[K’
       [01;36m[Kat[m[K(const key_type& __k)
       [01;36m[K^~[m[K
[01m[K/usr/include/c++/8/bits/stl_map.h:535:7:[m[K [01;36m[Knote: [m[K  no known conversion for argument 1 from ‘[01m[Kint[m[K’ to ‘[01m[Kconst key_type&[m[K’ {aka ‘[01m[Kconst std::__cxx11::basic_string<char>&[m[K’}
[01m[K/usr/include/c++/8/bits/stl_map.h:544:7:[m[K [01;36m[Knote: [m[Kcandidate: ‘[01m[Kconst mapped_type& std::map<_Key, _Tp, _Compare, _Alloc>::at(const key_type&) const [with _Key = std::__cxx11::basic_string<char>; _Tp = int; _Compare = std::less<std::__cxx11::basic_string<char> >; _Alloc = std::allocator<std::pair<const std::__cxx11::basic_string<char>, int> >; std::map<_Key, _Tp, _Compare, _Alloc>::mapped_type = int; std::map<_Key, _Tp, _Compare, _Alloc>::key_type = std::__cxx11::basic_string<char>][m[K’
       [01;36m[Kat[m[K(const key_type& __k) const
       [01;36m[K^~[m[K
[01m[K/usr/include/c++/8/bits/stl_map.h:544:7:[m[K [01;36m[Knote: [m[K  no known conversion for argument 1 from ‘[01m[Kint[m[K’ to ‘[01m[Kconst key_type&[m[K’ {aka ‘[01m[Kconst std::__cxx11::basic_string<char>&[m[K’}
[01m[Knumpaths.cc:[m[K At global scope:
[01m[Knumpaths.cc:36:1:[m[K [01;35m[Kwarning: [m[K‘[01m[Kstd::ostream& operator<<(std::ostream&, const std::set<std::__cxx11::basic_string<char> >&)[m[K’ defined but not used [[01;35m[K-Wunused-function[m[K]
 [01;35m[Koperator[m[K<<(std::ostream& out, const std::set<std::string>& set)
 [01;35m[K^~~~~~~~[m[K
make: *** [<builtin>: numpaths] Error 1
bklayma1@g7-37:~/i240b/submit/lab3/5-numpaths$ make -f ../Makefile [2Pemacs numpaths.cc[C
bklayma1@g7-37:~/i240b/submit/lab3/5-numpaths$ emacs numpaths.cc [2@make -f ../Makefile[C
g++ -g -Wall -std=c++17    numpaths.cc   -o numpaths
[01m[Knumpaths.cc:[m[K In function ‘[01m[Kvoid interact(const std::map<std::__cxx11::basic_string<char>, int>&)[m[K’:
[01m[Knumpaths.cc:49:30:[m[K [01;31m[Kerror: [m[Kno matching function for call to ‘[01m[Kstd::map<std::__cxx11::basic_string<char>, int>::at(int&) const[m[K’
       int intTotal = map.at(i[01;31m[K)[m[K;
                              [01;31m[K^[m[K
In file included from [01m[K/usr/include/c++/8/map:61[m[K,
                 from [01m[Knumpaths.cc:7[m[K:
[01m[K/usr/include/c++/8/bits/stl_map.h:535:7:[m[K [01;36m[Knote: [m[Kcandidate: ‘[01m[Kstd::map<_Key, _Tp, _Compare, _Alloc>::mapped_type& std::map<_Key, _Tp, _Compare, _Alloc>::at(const key_type&) [with _Key = std::__cxx11::basic_string<char>; _Tp = int; _Compare = std::less<std::__cxx11::basic_string<char> >; _Alloc = std::allocator<std::pair<const std::__cxx11::basic_string<char>, int> >; std::map<_Key, _Tp, _Compare, _Alloc>::mapped_type = int; std::map<_Key, _Tp, _Compare, _Alloc>::key_type = std::__cxx11::basic_string<char>][m[K’
       [01;36m[Kat[m[K(const key_type& __k)
       [01;36m[K^~[m[K
[01m[K/usr/include/c++/8/bits/stl_map.h:535:7:[m[K [01;36m[Knote: [m[K  no known conversion for argument 1 from ‘[01m[Kint[m[K’ to ‘[01m[Kconst key_type&[m[K’ {aka ‘[01m[Kconst std::__cxx11::basic_string<char>&[m[K’}
[01m[K/usr/include/c++/8/bits/stl_map.h:544:7:[m[K [01;36m[Knote: [m[Kcandidate: ‘[01m[Kconst mapped_type& std::map<_Key, _Tp, _Compare, _Alloc>::at(const key_type&) const [with _Key = std::__cxx11::basic_string<char>; _Tp = int; _Compare = std::less<std::__cxx11::basic_string<char> >; _Alloc = std::allocator<std::pair<const std::__cxx11::basic_string<char>, int> >; std::map<_Key, _Tp, _Compare, _Alloc>::mapped_type = int; std::map<_Key, _Tp, _Compare, _Alloc>::key_type = std::__cxx11::basic_string<char>][m[K’
       [01;36m[Kat[m[K(const key_type& __k) const
       [01;36m[K^~[m[K
[01m[K/usr/include/c++/8/bits/stl_map.h:544:7:[m[K [01;36m[Knote: [m[K  no known conversion for argument 1 from ‘[01m[Kint[m[K’ to ‘[01m[Kconst key_type&[m[K’ {aka ‘[01m[Kconst std::__cxx11::basic_string<char>&[m[K’}
[01m[Knumpaths.cc:[m[K At global scope:
[01m[Knumpaths.cc:36:1:[m[K [01;35m[Kwarning: [m[K‘[01m[Kstd::ostream& operator<<(std::ostream&, const std::set<std::__cxx11::basic_string<char> >&)[m[K’ defined but not used [[01;35m[K-Wunused-function[m[K]
 [01;35m[Koperator[m[K<<(std::ostream& out, const std::set<std::string>& set)
 [01;35m[K^~~~~~~~[m[K
make: *** [<builtin>: numpaths] Error 1
bklayma1@g7-37:~/i240b/submit/lab3/5-numpaths$ make -f ../Makefile [2Pemacs numpaths.cc[C
bklayma1@g7-37:~/i240b/submit/lab3/5-numpaths$ emacs numpaths.cc [2@make -f ../Makefile[C
g++ -g -Wall -std=c++17    numpaths.cc   -o numpaths
[01m[Knumpaths.cc:[m[K In function ‘[01m[Kvoid interact(const std::map<std::__cxx11::basic_string<char>, int>&)[m[K’:
[01m[Knumpaths.cc:49:25:[m[K [01;31m[Kerror: [m[Kno match for ‘[01m[Koperator[][m[K’ (operand types are ‘[01m[Kconst std::map<std::__cxx11::basic_string<char>, int>[m[K’ and ‘[01m[Kint[m[K’)
       int intTotal = map[01;31m[K[[m[Ki];
                         [01;31m[K^[m[K
In file included from [01m[K/usr/include/c++/8/map:61[m[K,
                 from [01m[Knumpaths.cc:7[m[K:
[01m[K/usr/include/c++/8/bits/stl_map.h:490:7:[m[K [01;36m[Knote: [m[Kcandidate: ‘[01m[Kstd::map<_Key, _Tp, _Compare, _Alloc>::mapped_type& std::map<_Key, _Tp, _Compare, _Alloc>::operator[](const key_type&) [with _Key = std::__cxx11::basic_string<char>; _Tp = int; _Compare = std::less<std::__cxx11::basic_string<char> >; _Alloc = std::allocator<std::pair<const std::__cxx11::basic_string<char>, int> >; std::map<_Key, _Tp, _Compare, _Alloc>::mapped_type = int; std::map<_Key, _Tp, _Compare, _Alloc>::key_type = std::__cxx11::basic_string<char>][m[K’
       [01;36m[Koperator[m[K[](const key_type& __k)
       [01;36m[K^~~~~~~~[m[K
[01m[K/usr/include/c++/8/bits/stl_map.h:490:7:[m[K [01;36m[Knote: [m[K  no known conversion for argument 1 from ‘[01m[Kint[m[K’ to ‘[01m[Kconst key_type&[m[K’ {aka ‘[01m[Kconst std::__cxx11::basic_string<char>&[m[K’}
[01m[K/usr/include/c++/8/bits/stl_map.h:510:7:[m[K [01;36m[Knote: [m[Kcandidate: ‘[01m[Kstd::map<_Key, _Tp, _Compare, _Alloc>::mapped_type& std::map<_Key, _Tp, _Compare, _Alloc>::operator[](std::map<_Key, _Tp, _Compare, _Alloc>::key_type&&) [with _Key = std::__cxx11::basic_string<char>; _Tp = int; _Compare = std::less<std::__cxx11::basic_string<char> >; _Alloc = std::allocator<std::pair<const std::__cxx11::basic_string<char>, int> >; std::map<_Key, _Tp, _Compare, _Alloc>::mapped_type = int; std::map<_Key, _Tp, _Compare, _Alloc>::key_type = std::__cxx11::basic_string<char>][m[K’
       [01;36m[Koperator[m[K[](key_type&& __k)
       [01;36m[K^~~~~~~~[m[K
[01m[K/usr/include/c++/8/bits/stl_map.h:510:7:[m[K [01;36m[Knote: [m[K  no known conversion for argument 1 from ‘[01m[Kint[m[K’ to ‘[01m[Kstd::map<std::__cxx11::basic_string<char>, int>::key_type&&[m[K’ {aka ‘[01m[Kstd::__cxx11::basic_string<char>&&[m[K’}
[01m[Knumpaths.cc:[m[K At global scope:
[01m[Knumpaths.cc:36:1:[m[K [01;35m[Kwarning: [m[K‘[01m[Kstd::ostream& operator<<(std::ostream&, const std::set<std::__cxx11::basic_string<char> >&)[m[K’ defined but not used [[01;35m[K-Wunused-function[m[K]
 [01;35m[Koperator[m[K<<(std::ostream& out, const std::set<std::string>& set)
 [01;35m[K^~~~~~~~[m[K
make: *** [<builtin>: numpaths] Error 1
bklayma1@g7-37:~/i240b/submit/lab3/5-numpaths$ make -f ../Makefile [2Pemacs numpaths.cc[C
bklayma1@g7-37:~/i240b/submit/lab3/5-numpaths$ emacs numpaths.cc [2@make -f ../Makefile[C
g++ -g -Wall -std=c++17    numpaths.cc   -o numpaths
[01m[Knumpaths.cc:[m[K In function ‘[01m[Kvoid interact(const std::map<std::__cxx11::basic_string<char>, int>&)[m[K’:
[01m[Knumpaths.cc:49:27:[m[K [01;31m[Kerror: [m[Kpassing ‘[01m[Kconst std::map<std::__cxx11::basic_string<char>, int>[m[K’ as ‘[01m[Kthis[m[K’ argument discards qualifiers [[01;31m[K-fpermissive[m[K]
       int intTotal = map[i[01;31m[K][m[K;
                           [01;31m[K^[m[K
In file included from [01m[K/usr/include/c++/8/map:61[m[K,
                 from [01m[Knumpaths.cc:7[m[K:
[01m[K/usr/include/c++/8/bits/stl_map.h:490:7:[m[K [01;36m[Knote: [m[K  in call to ‘[01m[Kstd::map<_Key, _Tp, _Compare, _Alloc>::mapped_type& std::map<_Key, _Tp, _Compare, _Alloc>::operator[](const key_type&) [with _Key = std::__cxx11::basic_string<char>; _Tp = int; _Compare = std::less<std::__cxx11::basic_string<char> >; _Alloc = std::allocator<std::pair<const std::__cxx11::basic_string<char>, int> >; std::map<_Key, _Tp, _Compare, _Alloc>::mapped_type = int; std::map<_Key, _Tp, _Compare, _Alloc>::key_type = std::__cxx11::basic_string<char>][m[K’
       [01;36m[Koperator[m[K[](const key_type& __k)
       [01;36m[K^~~~~~~~[m[K
[01m[Knumpaths.cc:[m[K At global scope:
[01m[Knumpaths.cc:36:1:[m[K [01;35m[Kwarning: [m[K‘[01m[Kstd::ostream& operator<<(std::ostream&, const std::set<std::__cxx11::basic_string<char> >&)[m[K’ defined but not used [[01;35m[K-Wunused-function[m[K]
 [01;35m[Koperator[m[K<<(std::ostream& out, const std::set<std::string>& set)
 [01;35m[K^~~~~~~~[m[K
make: *** [<builtin>: numpaths] Error 1
bklayma1@g7-37:~/i240b/submit/lab3/5-numpaths$ make -f ../Makefile [2Pemacs numpaths.cc[C
^[[A^[[A^Z
[3]+  Stopped                 emacs numpaths.cc
bklayma1@g7-37:~/i240b/submit/lab3/5-numpaths$ emacs numpaths.cc 
bklayma1@g7-37:~/i240b/submit/lab3/5-numpaths$ emacs numpaths.cc [2@make -f ../Makefile[C
g++ -g -Wall -std=c++17    numpaths.cc   -o numpaths
[01m[Knumpaths.cc:36:1:[m[K [01;35m[Kwarning: [m[K‘[01m[Kstd::ostream& operator<<(std::ostream&, const std::set<std::__cxx11::basic_string<char> >&)[m[K’ defined but not used [[01;35m[K-Wunused-function[m[K]
 [01;35m[Koperator[m[K<<(std::ostream& out, const std::set<std::string>& set)
 [01;35m[K^~~~~~~~[m[K
cat </dev/null >.gitignore
for t in numpaths; do echo $t >>.gitignore; done
bklayma1@g7-37:~/i240b/submit/lab3/5-numpaths$ make -f ../Makefile [2Pemacs numpaths.cc[C[2@make -f ../Makefile[C[2Pemacs numpaths.cc[C[2@make -f ../Makefile[C[2Pemacs numpaths.cc[C[2@make -f ../Makefile[C[2Pemacs numpaths.cc[C[2@make -f ../Makefile[C[2Pemacs numpaths.cc[C[2@make -f ../Makefile[C[2Pemacs numpaths.cc[C[2@make -f ../Makefile[C[2Pemacs numpaths.cc[C[2@make -f ../Makefile[C[2Pemacs numpaths.cc[C[2@make -f ../Makefile[C[2Pemacs numpaths.cc[C[2@make -f ../Makefile[C[2Pemacs numpaths.cc[C[2@make -f ../Makefile[C[2Pemacs numpaths.cc[Cn[C[C[C[C[C[C[C[C[C[C[C[C[C[C[C[C./numpaths ../data/*.dat[4Pmake -f ../Makefile ./numpaths ../data/*.dat
>> 1.dat
1.dat: NOT FOUND
>> 2.dat
2.dat: NOT FOUND
>> ../d	ata/1.dat
../data/1.dat: 47684
>> ^Z
[4]+  Stopped                 ./numpaths ../data/*.dat
bklayma1@g7-37:~/i240b/submit/lab3/5-numpaths$ [A./numpaths ../data/*.dat[4Pmake -f ../Makefile [2Pemacs numpaths.cc[C
bklayma1@g7-37:~/i240b/submit/lab3/5-numpaths$ git add -A
bklayma1@g7-37:~/i240b/submit/lab3/5-numpaths$ git commit -a -m "finished[K[K[K[K[K[K[K[KFInishe[K[K[K[K[K[Kinisged[K[K[Khed Lab 3" [A[C[C[C[C[C[C[C[C[C[C[C[C[C[C[C[C[C[C[C[C[C[C[C[C[C[C[C[C[C[C[C[C[C[C[C[C[C[C[C[C[C[C[C[C[C[C[C[C[C[C[C[C[C[C[C[C[C[C[C[C[C[C[C[C[C[C[C[C[C[C[C[C[C[C[C[C[C[C[C[K"
[master b04e4a3] Finished Lab 3
 Committer: Brendan Klayman <bklayma1@cs.binghamton.edu>
Your name and email address were configured automatically based
on your username and hostname. Please check that they are accurate.
You can suppress this message by setting them explicitly. Run the
following command and follow the instructions in your editor to edit
your configuration file:

    git config --global --edit

After doing this, you may fix the identity used for this commit with:

    git commit --amend --reset-author

 36 files changed, 2935 insertions(+)
 delete mode 100755 submit/lab2/2-hello/.nfs00000008be9e382800000daa
 create mode 100644 submit/lab3/.nfs000000152391786a000031cb
 create mode 100644 submit/lab3/1-greet/.gitignore
 create mode 100644 submit/lab3/1-greet/README
 create mode 100644 submit/lab3/1-greet/greet.cc
 create mode 100644 submit/lab3/2-greet/.gitignore
 create mode 100644 submit/lab3/2-greet/README
 create mode 100644 submit/lab3/2-greet/greet.cc
 create mode 100644 submit/lab3/2-greet/greet.cc~
 create mode 100644 submit/lab3/3-greet/.gitignore
 create mode 100644 submit/lab3/3-greet/README
 create mode 100644 submit/lab3/3-greet/greet.cc
 create mode 100644 submit/lab3/3-greet/greet.cc~
 create mode 100644 submit/lab3/4-sortnums/.gitignore
 create mode 100644 submit/lab3/4-sortnums/nums1.dat
 create mode 100644 submit/lab3/4-sortnums/nums2.dat
 create mode 100644 submit/lab3/4-sortnums/sortnums.cc
 create mode 100644 submit/lab3/4-sortnums/sortnums.cc~
 create mode 100644 submit/lab3/5-numpaths/.gitignore
 create mode 100755 submit/lab3/5-numpaths/.nfs000000029ed22817000031f2
 create mode 100644 submit/lab3/5-numpaths/numpaths.cc
 create mode 100644 submit/lab3/5-numpaths/numpaths.cc~
 create mode 100644 submit/lab3/Makefile
 create mode 100644 submit/lab3/data/.gitignore
 create mode 100644 submit/lab3/data/1.dat
 create mode 100644 submit/lab3/data/10.dat
 create mode 100644 submit/lab3/data/2.dat
 create mode 100644 submit/lab3/data/3.dat
 create mode 100644 submit/lab3/data/4.dat
 create mode 100644 submit/lab3/data/5.dat
 create mode 100644 submit/lab3/data/6.dat
 create mode 100644 submit/lab3/data/7.dat
 create mode 100644 submit/lab3/data/8.dat
 create mode 100644 submit/lab3/data/9.dat
 create mode 100644 submit/lab3/data/gen-nums.cc
 create mode 100644 submit/lab3/lab3.LOG
bklayma1@g7-37:~/i240b/submit/lab3/5-numpaths$ git push
Username for 'https://github.com': bklayman
Password for 'https://bklayman@github.com': 
Enumerating objects: 48, done.
Counting objects:   2% (1/48)   Counting objects:   4% (2/48)   Counting objects:   6% (3/48)   Counting objects:   8% (4/48)   Counting objects:  10% (5/48)   Counting objects:  12% (6/48)   Counting objects:  14% (7/48)   Counting objects:  16% (8/48)   Counting objects:  18% (9/48)   Counting objects:  20% (10/48)   Counting objects:  22% (11/48)   Counting objects:  25% (12/48)   Counting objects:  27% (13/48)   Counting objects:  29% (14/48)   Counting objects:  31% (15/48)   Counting objects:  33% (16/48)   Counting objects:  35% (17/48)   Counting objects:  37% (18/48)   Counting objects:  39% (19/48)   Counting objects:  41% (20/48)   Counting objects:  43% (21/48)   Counting objects:  45% (22/48)   Counting objects:  47% (23/48)   Counting objects:  50% (24/48)   Counting objects:  52% (25/48)   Counting objects:  54% (26/48)   Counting objects:  56% (27/48)   Counting objects:  58% (28/48)   Counting objects:  60% (29/48)   Counting objects:  62% (30/48)   Counting objects:  64% (31/48)   Counting objects:  66% (32/48)   Counting objects:  68% (33/48)   Counting objects:  70% (34/48)   Counting objects:  72% (35/48)   Counting objects:  75% (36/48)   Counting objects:  77% (37/48)   Counting objects:  79% (38/48)   Counting objects:  81% (39/48)   Counting objects:  83% (40/48)   Counting objects:  85% (41/48)   Counting objects:  87% (42/48)   Counting objects:  89% (43/48)   Counting objects:  91% (44/48)   Counting objects:  93% (45/48)   Counting objects:  95% (46/48)   Counting objects:  97% (47/48)   Counting objects: 100% (48/48)   Counting objects: 100% (48/48), done.
Delta compression using up to 8 threads
Compressing objects:   2% (1/40)   Compressing objects:   5% (2/40)   Compressing objects:   7% (3/40)   Compressing objects:  10% (4/40)   Compressing objects:  12% (5/40)   Compressing objects:  15% (6/40)   Compressing objects:  17% (7/40)   Compressing objects:  20% (8/40)   Compressing objects:  22% (9/40)   Compressing objects:  25% (10/40)   Compressing objects:  27% (11/40)   Compressing objects:  30% (12/40)   Compressing objects:  32% (13/40)   Compressing objects:  35% (14/40)   Compressing objects:  37% (15/40)   Compressing objects:  40% (16/40)   Compressing objects:  42% (17/40)   Compressing objects:  45% (18/40)   Compressing objects:  47% (19/40)   Compressing objects:  50% (20/40)   Compressing objects:  52% (21/40)   Compressing objects:  55% (22/40)   Compressing objects:  57% (23/40)   Compressing objects:  60% (24/40)   Compressing objects:  62% (25/40)   Compressing objects:  65% (26/40)   Compressing objects:  67% (27/40)   Compressing objects:  70% (28/40)   Compressing objects:  72% (29/40)   Compressing objects:  75% (30/40)   Compressing objects:  77% (31/40)   Compressing objects:  80% (32/40)   Compressing objects:  82% (33/40)   Compressing objects:  85% (34/40)   Compressing objects:  87% (35/40)   Compressing objects:  90% (36/40)   Compressing objects:  92% (37/40)   Compressing objects:  95% (38/40)   Compressing objects:  97% (39/40)   Compressing objects: 100% (40/40)   Compressing objects: 100% (40/40), done.
Writing objects:   2% (1/44)   Writing objects:   4% (2/44)   Writing objects:   6% (3/44)   Writing objects:   9% (4/44)   Writing objects:  11% (5/44)   Writing objects:  13% (6/44)   Writing objects:  15% (7/44)   Writing objects:  18% (8/44)   Writing objects:  20% (9/44)   Writing objects:  25% (11/44)   Writing objects:  27% (12/44)   Writing objects:  29% (13/44)   Writing objects:  31% (14/44)   Writing objects:  34% (15/44)   Writing objects:  36% (16/44)   Writing objects:  38% (17/44)   Writing objects:  40% (18/44)   Writing objects:  43% (19/44)   Writing objects:  45% (20/44)   Writing objects:  47% (21/44)   Writing objects:  50% (22/44)   Writing objects:  52% (23/44)   Writing objects:  54% (24/44)   Writing objects:  56% (25/44)   Writing objects:  59% (26/44)   Writing objects:  61% (27/44)   Writing objects:  63% (28/44)   Writing objects:  65% (29/44)   Writing objects:  68% (30/44)   Writing objects:  70% (31/44)   Writing objects:  72% (32/44)   Writing objects:  75% (33/44)   Writing objects:  77% (34/44)   Writing objects:  79% (35/44)   Writing objects:  81% (36/44)   Writing objects:  84% (37/44)   Writing objects:  86% (38/44)   Writing objects:  88% (39/44)   Writing objects:  90% (40/44)   Writing objects:  93% (41/44)   Writing objects:  95% (42/44)   Writing objects:  97% (43/44)   Writing objects: 100% (44/44)   Writing objects: 100% (44/44), 118.75 KiB | 3.30 MiB/s, done.
Total 44 (delta 8), reused 0 (delta 0)
remote: Resolving deltas:   0% (0/8)[Kremote: Resolving deltas:  12% (1/8)[Kremote: Resolving deltas:  25% (2/8)[Kremote: Resolving deltas:  50% (4/8)[Kremote: Resolving deltas:  62% (5/8)[Kremote: Resolving deltas:  75% (6/8)[Kremote: Resolving deltas:  87% (7/8)[Kremote: Resolving deltas: 100% (8/8)[Kremote: Resolving deltas: 100% (8/8), completed with 3 local objects.[K
To https://github.com/Bklayman/i240b.git
   1984fd8..b04e4a3  master -> master
bklayma1@g7-37:~/i240b/submit/lab3/5-numpaths$ git pushcommit -a -m "Finished Lab 3" [A[C[C[C[C[C[C[C[C[C[C[C[C[C[C[C[C[C[C[C[C[C[C[C[C[C[C[C[C[C[C[C[C[C[C[C[C[C[C[C[C[C[C[C[C[C[C[C[C[C[C[Cadd -A[K
[K[A[C[C[C[C[C[C[C[C[C[C[C[C[C[C[C[C[C[C[C[C[C[C[C[C[C[C[C[C[C[C[C[C[C[C[C[C[C[C[C[C[C[C[C[C[C[C[C[C[C[C[C[C[C[C[C[C[Cemacs numpaths.cc 
bklayma1@g7-37:~/i240b/submit/lab3/5-numpaths$ emacs numpaths.cc [10Pgit pushcommit -a -m "Finished Lab 3" [A[C[C[C[C[C[C[C[C[C[C[C[C[C[C[C[C[C[C[C[C[C[C[C[C[C[C[C[C[C[C[C[C[C[C[C[C[C[C[C[C[C[C[C[C[C[C[C[C[C[C[Cadd -A[K
[K[A[C[C[C[C[C[C[C[C[C[C[C[C[C[C[C[C[C[C[C[C[C[C[C[C[C[C[C[C[C[C[C[C[C[C[C[C[C[C[C[C[C[C[C[C[C[C[C[C[C[C[C[C[C[C[C[C[Cemacs numpaths.cc ./numpat